../Middlewares/ST/STM32_SMBus_Stack/src/stm32_SMBUS_stack.c:108:27:STACK_SMBUS_ResolveContext	24	static
../Middlewares/ST/STM32_SMBus_Stack/src/stm32_SMBUS_stack.c:142:6:HAL_SMBUS_MasterTxCpltCallback	40	static
../Middlewares/ST/STM32_SMBus_Stack/src/stm32_SMBUS_stack.c:228:6:HAL_SMBUS_MasterRxCpltCallback	40	static
../Middlewares/ST/STM32_SMBus_Stack/src/stm32_SMBUS_stack.c:334:6:HAL_SMBUS_SlaveTxCpltCallback	24	static
../Middlewares/ST/STM32_SMBus_Stack/src/stm32_SMBUS_stack.c:367:6:HAL_SMBUS_SlaveRxCpltCallback	40	static
../Middlewares/ST/STM32_SMBus_Stack/src/stm32_SMBUS_stack.c:646:6:HAL_SMBUS_AddrCallback	40	static
../Middlewares/ST/STM32_SMBus_Stack/src/stm32_SMBUS_stack.c:941:6:HAL_SMBUS_ListenCpltCallback	24	static
../Middlewares/ST/STM32_SMBus_Stack/src/stm32_SMBUS_stack.c:1016:6:STACK_SMBUS_SendAlert	16	static
../Middlewares/ST/STM32_SMBus_Stack/src/stm32_SMBUS_stack.c:1033:6:HAL_SMBUS_ErrorCallback	24	static
../Middlewares/ST/STM32_SMBus_Stack/src/stm32_SMBUS_stack.c:1183:20:STACK_SMBUS_AddrAccpt	24	static
../Middlewares/ST/STM32_SMBus_Stack/src/stm32_SMBUS_stack.c:1236:26:STACK_SMBUS_ExecuteCommandARP	24	static
../Middlewares/ST/STM32_SMBus_Stack/src/stm32_SMBUS_stack.c:1379:13:STACK_SMBUS_LocateCommand	24	static
../Middlewares/ST/STM32_SMBus_Stack/src/stm32_SMBUS_stack.c:1456:13:STACK_SMBUS_AlertClbk	16	static
../Middlewares/ST/STM32_SMBus_Stack/src/stm32_SMBUS_stack.c:1470:6:STACK_SMBUS_ReadyIfNoAlert	16	static
../Middlewares/ST/STM32_SMBus_Stack/src/stm32_SMBUS_stack.c:1522:19:STACK_SMBUS_Init	24	static
../Middlewares/ST/STM32_SMBus_Stack/src/stm32_SMBUS_stack.c:1581:10:STACK_SMBUS_GetBuffer	24	static
../Middlewares/ST/STM32_SMBus_Stack/src/stm32_SMBUS_stack.c:1615:19:STACK_SMBUS_HostCommand	64	static
../Middlewares/ST/STM32_SMBus_Stack/src/stm32_SMBUS_stack.c:1760:19:STACK_SMBUS_NotifyHost	40	static
../Middlewares/ST/STM32_SMBus_Stack/src/stm32_SMBUS_stack.c:1823:19:STACK_SMBUS_HostRead	56	static
../Middlewares/ST/STM32_SMBus_Stack/src/stm32_SMBUS_stack.c:1883:26:STACK_SMBUS_ExecuteCommand	16	static
../Middlewares/ST/STM32_SMBus_Stack/src/stm32_SMBUS_stack.c:1902:26:STACK_SMBUS_ExtendCommand	16	static
