Archive member included to satisfy reference by file (symbol)

C:/ST/STM32CubeIDE_1.13.1/STM32CubeIDE/plugins/com.st.stm32cube.ide.mcu.externaltools.gnu-tools-for-stm32.11.3.rel1.win32_1.1.0.202305231506/tools/bin/../lib/gcc/arm-none-eabi/11.3.1/../../../../arm-none-eabi/lib/thumb/v7e-m+fp/hard\libc_nano.a(libc_a-exit.o)
                              C:/ST/STM32CubeIDE_1.13.1/STM32CubeIDE/plugins/com.st.stm32cube.ide.mcu.externaltools.gnu-tools-for-stm32.11.3.rel1.win32_1.1.0.202305231506/tools/bin/../lib/gcc/arm-none-eabi/11.3.1/../../../../arm-none-eabi/lib/thumb/v7e-m+fp/hard/crt0.o (exit)
C:/ST/STM32CubeIDE_1.13.1/STM32CubeIDE/plugins/com.st.stm32cube.ide.mcu.externaltools.gnu-tools-for-stm32.11.3.rel1.win32_1.1.0.202305231506/tools/bin/../lib/gcc/arm-none-eabi/11.3.1/../../../../arm-none-eabi/lib/thumb/v7e-m+fp/hard\libc_nano.a(libc_a-findfp.o)
                              C:/ST/STM32CubeIDE_1.13.1/STM32CubeIDE/plugins/com.st.stm32cube.ide.mcu.externaltools.gnu-tools-for-stm32.11.3.rel1.win32_1.1.0.202305231506/tools/bin/../lib/gcc/arm-none-eabi/11.3.1/../../../../arm-none-eabi/lib/thumb/v7e-m+fp/hard\libc_nano.a(libc_a-exit.o) (__stdio_exit_handler)
C:/ST/STM32CubeIDE_1.13.1/STM32CubeIDE/plugins/com.st.stm32cube.ide.mcu.externaltools.gnu-tools-for-stm32.11.3.rel1.win32_1.1.0.202305231506/tools/bin/../lib/gcc/arm-none-eabi/11.3.1/../../../../arm-none-eabi/lib/thumb/v7e-m+fp/hard\libc_nano.a(libc_a-fwalk.o)
                              C:/ST/STM32CubeIDE_1.13.1/STM32CubeIDE/plugins/com.st.stm32cube.ide.mcu.externaltools.gnu-tools-for-stm32.11.3.rel1.win32_1.1.0.202305231506/tools/bin/../lib/gcc/arm-none-eabi/11.3.1/../../../../arm-none-eabi/lib/thumb/v7e-m+fp/hard\libc_nano.a(libc_a-findfp.o) (_fwalk_sglue)
C:/ST/STM32CubeIDE_1.13.1/STM32CubeIDE/plugins/com.st.stm32cube.ide.mcu.externaltools.gnu-tools-for-stm32.11.3.rel1.win32_1.1.0.202305231506/tools/bin/../lib/gcc/arm-none-eabi/11.3.1/../../../../arm-none-eabi/lib/thumb/v7e-m+fp/hard\libc_nano.a(libc_a-stdio.o)
                              C:/ST/STM32CubeIDE_1.13.1/STM32CubeIDE/plugins/com.st.stm32cube.ide.mcu.externaltools.gnu-tools-for-stm32.11.3.rel1.win32_1.1.0.202305231506/tools/bin/../lib/gcc/arm-none-eabi/11.3.1/../../../../arm-none-eabi/lib/thumb/v7e-m+fp/hard\libc_nano.a(libc_a-findfp.o) (__sread)
C:/ST/STM32CubeIDE_1.13.1/STM32CubeIDE/plugins/com.st.stm32cube.ide.mcu.externaltools.gnu-tools-for-stm32.11.3.rel1.win32_1.1.0.202305231506/tools/bin/../lib/gcc/arm-none-eabi/11.3.1/../../../../arm-none-eabi/lib/thumb/v7e-m+fp/hard\libc_nano.a(libc_a-memset.o)
                              C:/ST/STM32CubeIDE_1.13.1/STM32CubeIDE/plugins/com.st.stm32cube.ide.mcu.externaltools.gnu-tools-for-stm32.11.3.rel1.win32_1.1.0.202305231506/tools/bin/../lib/gcc/arm-none-eabi/11.3.1/../../../../arm-none-eabi/lib/thumb/v7e-m+fp/hard/crt0.o (memset)
C:/ST/STM32CubeIDE_1.13.1/STM32CubeIDE/plugins/com.st.stm32cube.ide.mcu.externaltools.gnu-tools-for-stm32.11.3.rel1.win32_1.1.0.202305231506/tools/bin/../lib/gcc/arm-none-eabi/11.3.1/../../../../arm-none-eabi/lib/thumb/v7e-m+fp/hard\libc_nano.a(libc_a-closer.o)
                              C:/ST/STM32CubeIDE_1.13.1/STM32CubeIDE/plugins/com.st.stm32cube.ide.mcu.externaltools.gnu-tools-for-stm32.11.3.rel1.win32_1.1.0.202305231506/tools/bin/../lib/gcc/arm-none-eabi/11.3.1/../../../../arm-none-eabi/lib/thumb/v7e-m+fp/hard\libc_nano.a(libc_a-stdio.o) (_close_r)
C:/ST/STM32CubeIDE_1.13.1/STM32CubeIDE/plugins/com.st.stm32cube.ide.mcu.externaltools.gnu-tools-for-stm32.11.3.rel1.win32_1.1.0.202305231506/tools/bin/../lib/gcc/arm-none-eabi/11.3.1/../../../../arm-none-eabi/lib/thumb/v7e-m+fp/hard\libc_nano.a(libc_a-reent.o)
                              C:/ST/STM32CubeIDE_1.13.1/STM32CubeIDE/plugins/com.st.stm32cube.ide.mcu.externaltools.gnu-tools-for-stm32.11.3.rel1.win32_1.1.0.202305231506/tools/bin/../lib/gcc/arm-none-eabi/11.3.1/../../../../arm-none-eabi/lib/thumb/v7e-m+fp/hard\libc_nano.a(libc_a-closer.o) (errno)
C:/ST/STM32CubeIDE_1.13.1/STM32CubeIDE/plugins/com.st.stm32cube.ide.mcu.externaltools.gnu-tools-for-stm32.11.3.rel1.win32_1.1.0.202305231506/tools/bin/../lib/gcc/arm-none-eabi/11.3.1/../../../../arm-none-eabi/lib/thumb/v7e-m+fp/hard\libc_nano.a(libc_a-impure.o)
                              C:/ST/STM32CubeIDE_1.13.1/STM32CubeIDE/plugins/com.st.stm32cube.ide.mcu.externaltools.gnu-tools-for-stm32.11.3.rel1.win32_1.1.0.202305231506/tools/bin/../lib/gcc/arm-none-eabi/11.3.1/../../../../arm-none-eabi/lib/thumb/v7e-m+fp/hard\libc_nano.a(libc_a-reent.o) (_impure_ptr)
C:/ST/STM32CubeIDE_1.13.1/STM32CubeIDE/plugins/com.st.stm32cube.ide.mcu.externaltools.gnu-tools-for-stm32.11.3.rel1.win32_1.1.0.202305231506/tools/bin/../lib/gcc/arm-none-eabi/11.3.1/../../../../arm-none-eabi/lib/thumb/v7e-m+fp/hard\libc_nano.a(libc_a-lseekr.o)
[...]
Memory Configuration

Name             Origin             Length             Attributes
RAM              0x0000000020000000 0x0000000000018000 xrw
RAM2             0x0000000010000000 0x0000000000008000 xrw
FLASH            0x0000000008000000 0x0000000000100000 xr
*default*        0x0000000000000000 0xffffffffffffffff

Linker script and memory map

LOAD C:/ST/STM32CubeIDE_1.13.1/STM32CubeIDE/plugins/com.st.stm32cube.ide.mcu.externaltools.gnu-tools-for-stm32.11.3.rel1.win32_1.1.0.202305231506/tools/bin/../lib/gcc/arm-none-eabi/11.3.1/thumb/v7e-m+fp/hard/crti.o
LOAD C:/ST/STM32CubeIDE_1.13.1/STM32CubeIDE/plugins/com.st.stm32cube.ide.mcu.externaltools.gnu-tools-for-stm32.11.3.rel1.win32_1.1.0.202305231506/tools/bin/../lib/gcc/arm-none-eabi/11.3.1/thumb/v7e-m+fp/hard/crtbegin.o
LOAD C:/ST/STM32CubeIDE_1.13.1/STM32CubeIDE/plugins/com.st.stm32cube.ide.mcu.externaltools.gnu-tools-for-stm32.11.3.rel1.win32_1.1.0.202305231506/tools/bin/../lib/gcc/arm-none-eabi/11.3.1/../../../../arm-none-eabi/lib/thumb/v7e-m+fp/hard/crt0.o
LOAD ./Core/Src/main.o
LOAD ./Core/Src/stm32l4xx_hal_msp.o
LOAD ./Core/Src/stm32l4xx_it.o
LOAD ./Core/Src/syscalls.o
LOAD ./Core/Src/sysmem.o
LOAD ./Core/Src/system_stm32l4xx.o
LOAD ./Core/Startup/startup_stm32l476rgtx.o
LOAD ./Drivers/STM32L4xx_HAL_Driver/Src/stm32l4xx_hal.o
LOAD ./Drivers/STM32L4xx_HAL_Driver/Src/stm32l4xx_hal_cortex.o
LOAD ./Drivers/STM32L4xx_HAL_Driver/Src/stm32l4xx_hal_dma.o
LOAD ./Drivers/STM32L4xx_HAL_Driver/Src/stm32l4xx_hal_dma_ex.o
LOAD ./Drivers/STM32L4xx_HAL_Driver/Src/stm32l4xx_hal_exti.o
LOAD ./Drivers/STM32L4xx_HAL_Driver/Src/stm32l4xx_hal_flash.o
LOAD ./Drivers/STM32L4xx_HAL_Driver/Src/stm32l4xx_hal_flash_ex.o
LOAD ./Drivers/STM32L4xx_HAL_Driver/Src/stm32l4xx_hal_flash_ramfunc.o
LOAD ./Drivers/STM32L4xx_HAL_Driver/Src/stm32l4xx_hal_gpio.o
LOAD ./Drivers/STM32L4xx_HAL_Driver/Src/stm32l4xx_hal_pwr.o
LOAD ./Drivers/STM32L4xx_HAL_Driver/Src/stm32l4xx_hal_pwr_ex.o
LOAD ./Drivers/STM32L4xx_HAL_Driver/Src/stm32l4xx_hal_rcc.o
LOAD ./Drivers/STM32L4xx_HAL_Driver/Src/stm32l4xx_hal_rcc_ex.o
LOAD ./Drivers/STM32L4xx_HAL_Driver/Src/stm32l4xx_hal_smbus.o
LOAD ./Drivers/STM32L4xx_HAL_Driver/Src/stm32l4xx_hal_smbus_ex.o
LOAD ./Middlewares/ST/STM32_SMBus_Stack/src/stm32_PMBUS_stack.o
LOAD ./Middlewares/ST/STM32_SMBus_Stack/src/stm32_SMBUS_stack.o
LOAD ./SMBus_PMBus_Stack/App/app_X-CUBE-SMBUS.o
LOAD ./SMBus_PMBus_Stack/Target/smbus.o
START GROUP
LOAD C:/ST/STM32CubeIDE_1.13.1/STM32CubeIDE/plugins/com.st.stm32cube.ide.mcu.externaltools.gnu-tools-for-stm32.11.3.rel1.win32_1.1.0.202305231506/tools/bin/../lib/gcc/arm-none-eabi/11.3.1/../../../../arm-none-eabi/lib/thumb/v7e-m+fp/hard\libc_nano.a
LOAD C:/ST/STM32CubeIDE_1.13.1/STM32CubeIDE/plugins/com.st.stm32cube.ide.mcu.externaltools.gnu-tools-for-stm32.11.3.rel1.win32_1.1.0.202305231506/tools/bin/../lib/gcc/arm-none-eabi/11.3.1/../../../../arm-none-eabi/lib/thumb/v7e-m+fp/hard\libm.a
END GROUP
START GROUP
LOAD C:/ST/STM32CubeIDE_1.13.1/STM32CubeIDE/plugins/com.st.stm32cube.ide.mcu.externaltools.gnu-tools-for-stm32.11.3.rel1.win32_1.1.0.202305231506/tools/bin/../lib/gcc/arm-none-eabi/11.3.1/thumb/v7e-m+fp/hard\libgcc.a
LOAD C:/ST/STM32CubeIDE_1.13.1/STM32CubeIDE/plugins/com.st.stm32cube.ide.mcu.externaltools.gnu-tools-for-stm32.11.3.rel1.win32_1.1.0.202305231506/tools/bin/../lib/gcc/arm-none-eabi/11.3.1/../../../../arm-none-eabi/lib/thumb/v7e-m+fp/hard\libc_nano.a
END GROUP
START GROUP
LOAD C:/ST/STM32CubeIDE_1.13.1/STM32CubeIDE/plugins/com.st.stm32cube.ide.mcu.externaltools.gnu-tools-for-stm32.11.3.rel1.win32_1.1.0.202305231506/tools/bin/../lib/gcc/arm-none-eabi/11.3.1/thumb/v7e-m+fp/hard\libgcc.a
LOAD C:/ST/STM32CubeIDE_1.13.1/STM32CubeIDE/plugins/com.st.stm32cube.ide.mcu.externaltools.gnu-tools-for-stm32.11.3.rel1.win32_1.1.0.202305231506/tools/bin/../lib/gcc/arm-none-eabi/11.3.1/../../../../arm-none-eabi/lib/thumb/v7e-m+fp/hard\libc_nano.a
LOAD C:/ST/STM32CubeIDE_1.13.1/STM32CubeIDE/plugins/com.st.stm32cube.ide.mcu.externaltools.gnu-tools-for-stm32.11.3.rel1.win32_1.1.0.202305231506/tools/bin/../lib/gcc/arm-none-eabi/11.3.1/../../../../arm-none-eabi/lib/thumb/v7e-m+fp/hard\libnosys.a
END GROUP
START GROUP
LOAD C:/ST/STM32CubeIDE_1.13.1/STM32CubeIDE/plugins/com.st.stm32cube.ide.mcu.externaltools.gnu-tools-for-stm32.11.3.rel1.win32_1.1.0.202305231506/tools/bin/../lib/gcc/arm-none-eabi/11.3.1/thumb/v7e-m+fp/hard\libgcc.a
LOAD C:/ST/STM32CubeIDE_1.13.1/STM32CubeIDE/plugins/com.st.stm32cube.ide.mcu.externaltools.gnu-tools-for-stm32.11.3.rel1.win32_1.1.0.202305231506/tools/bin/../lib/gcc/arm-none-eabi/11.3.1/../../../../arm-none-eabi/lib/thumb/v7e-m+fp/hard\libc_nano.a
LOAD C:/ST/STM32CubeIDE_1.13.1/STM32CubeIDE/plugins/com.st.stm32cube.ide.mcu.externaltools.gnu-tools-for-stm32.11.3.rel1.win32_1.1.0.202305231506/tools/bin/../lib/gcc/arm-none-eabi/11.3.1/../../../../arm-none-eabi/lib/thumb/v7e-m+fp/hard\libnosys.a
END GROUP
LOAD C:/ST/STM32CubeIDE_1.13.1/STM32CubeIDE/plugins/com.st.stm32cube.ide.mcu.externaltools.gnu-tools-for-stm32.11.3.rel1.win32_1.1.0.202305231506/tools/bin/../lib/gcc/arm-none-eabi/11.3.1/thumb/v7e-m+fp/hard/crtend.o
LOAD C:/ST/STM32CubeIDE_1.13.1/STM32CubeIDE/plugins/com.st.stm32cube.ide.mcu.externaltools.gnu-tools-for-stm32.11.3.rel1.win32_1.1.0.202305231506/tools/bin/../lib/gcc/arm-none-eabi/11.3.1/thumb/v7e-m+fp/hard/crtn.o
                0x0000000020018000                _estack = (ORIGIN (RAM) + LENGTH (RAM))
                0x0000000000000200                _Min_Heap_Size = 0x200
                0x0000000000000400                _Min_Stack_Size = 0x400

.isr_vector     0x0000000008000000      0x188
                0x0000000008000000                . = ALIGN (0x4)
 *(.isr_vector)
 .isr_vector    0x0000000008000000      0x188 ./Core/Startup/startup_stm32l476rgtx.o
                0x0000000008000000                g_pfnVectors
                0x0000000008000188                . = ALIGN (0x4)

.text           0x0000000008000188     0x4dd8
                0x0000000008000188                . = ALIGN (0x4)
 *(.text)
 .text          0x0000000008000188       0x40 C:/ST/STM32CubeIDE_1.13.1/STM32CubeIDE/plugins/com.st.stm32cube.ide.mcu.externaltools.gnu-tools-for-stm32.11.3.rel1.win32_1.1.0.202305231506/tools/bin/../lib/gcc/arm-none-eabi/11.3.1/thumb/v7e-m+fp/hard/crtbegin.o
 *(.text*)
 .text.main     0x00000000080001c8       0x28 ./Core/Src/main.o
                0x00000000080001c8                main
 .text.SystemClock_Config
                0x00000000080001f0       0xa4 ./Core/Src/main.o
                0x00000000080001f0                SystemClock_Config
 .text.MX_I2C1_SMBUS_Init
                0x0000000008000294       0x78 ./Core/Src/main.o
 .text.MX_GPIO_Init
                0x000000000800030c       0x48 ./Core/Src/main.o
 .text.Error_Handler
                0x0000000008000354        0xa ./Core/Src/main.o
                0x0000000008000354                Error_Handler
 *fill*         0x000000000800035e        0x2 
 .text.HAL_MspInit
                0x0000000008000360       0x48 ./Core/Src/stm32l4xx_hal_msp.o
                0x0000000008000360                HAL_MspInit
 .text.HAL_SMBUS_MspInit
                0x00000000080003a8       0xdc ./Core/Src/stm32l4xx_hal_msp.o
                0x00000000080003a8                HAL_SMBUS_MspInit
 .text.HAL_SMBUS_MspDeInit
                0x0000000008000484       0x50 ./Core/Src/stm32l4xx_hal_msp.o
                0x0000000008000484                HAL_SMBUS_MspDeInit
 .text.NMI_Handler
                0x00000000080004d4        0x6 ./Core/Src/stm32l4xx_it.o
                0x00000000080004d4                NMI_Handler
 .text.HardFault_Handler
                0x00000000080004da        0x6 ./Core/Src/stm32l4xx_it.o
                0x00000000080004da                HardFault_Handler
 .text.MemManage_Handler
                0x00000000080004e0        0x6 ./Core/Src/stm32l4xx_it.o
                0x00000000080004e0                MemManage_Handler
 .text.BusFault_Handler
                0x00000000080004e6        0x6 ./Core/Src/stm32l4xx_it.o
                0x00000000080004e6                BusFault_Handler
 .text.UsageFault_Handler
                0x00000000080004ec        0x6 ./Core/Src/stm32l4xx_it.o
                0x00000000080004ec                UsageFault_Handler
 .text.SVC_Handler
                0x00000000080004f2        0xe ./Core/Src/stm32l4xx_it.o
                0x00000000080004f2                SVC_Handler
 .text.DebugMon_Handler
                0x0000000008000500        0xe ./Core/Src/stm32l4xx_it.o
                0x0000000008000500                DebugMon_Handler
 .text.PendSV_Handler
                0x000000000800050e        0xe ./Core/Src/stm32l4xx_it.o
                0x000000000800050e                PendSV_Handler
 .text.SysTick_Handler
                0x000000000800051c        0xc ./Core/Src/stm32l4xx_it.o
                0x000000000800051c                SysTick_Handler
 .text.I2C1_EV_IRQHandler
                0x0000000008000528       0x14 ./Core/Src/stm32l4xx_it.o
                0x0000000008000528                I2C1_EV_IRQHandler
 .text.I2C1_ER_IRQHandler
                0x000000000800053c       0x14 ./Core/Src/stm32l4xx_it.o
                0x000000000800053c                I2C1_ER_IRQHandler
 .text.SystemInit
                0x0000000008000550       0x24 ./Core/Src/system_stm32l4xx.o
                0x0000000008000550                SystemInit
 .text.Reset_Handler
                0x0000000008000574       0x50 ./Core/Startup/startup_stm32l476rgtx.o
                0x0000000008000574                Reset_Handler
 .text.Default_Handler
                0x00000000080005c4        0x2 ./Core/Startup/startup_stm32l476rgtx.o
                0x00000000080005c4                RTC_Alarm_IRQHandler
                0x00000000080005c4                EXTI2_IRQHandler
                0x00000000080005c4                TIM8_TRG_COM_IRQHandler
                0x00000000080005c4                TIM8_CC_IRQHandler
                0x00000000080005c4                TIM1_CC_IRQHandler
                0x00000000080005c4                TSC_IRQHandler
                0x00000000080005c4                TAMP_STAMP_IRQHandler
                0x00000000080005c4                EXTI3_IRQHandler
                0x00000000080005c4                LPTIM2_IRQHandler
                0x00000000080005c4                DFSDM1_FLT1_IRQHandler
                0x00000000080005c4                I2C3_ER_IRQHandler
                0x00000000080005c4                DFSDM1_FLT2_IRQHandler
                0x00000000080005c4                EXTI0_IRQHandler
                0x00000000080005c4                I2C2_EV_IRQHandler
                0x00000000080005c4                CAN1_RX0_IRQHandler
                0x00000000080005c4                FPU_IRQHandler
                0x00000000080005c4                TIM1_UP_TIM16_IRQHandler
                0x00000000080005c4                ADC1_2_IRQHandler
                0x00000000080005c4                SPI1_IRQHandler
                0x00000000080005c4                TIM6_DAC_IRQHandler
                0x00000000080005c4                TIM8_UP_IRQHandler
                0x00000000080005c4                DMA2_Channel2_IRQHandler
                0x00000000080005c4                DMA1_Channel4_IRQHandler
                0x00000000080005c4                SAI2_IRQHandler
                0x00000000080005c4                DFSDM1_FLT3_IRQHandler
                0x00000000080005c4                USART3_IRQHandler
                0x00000000080005c4                DMA1_Channel7_IRQHandler
                0x00000000080005c4                CAN1_RX1_IRQHandler
                0x00000000080005c4                LCD_IRQHandler
                0x00000000080005c4                UART5_IRQHandler
                0x00000000080005c4                ADC3_IRQHandler
                0x00000000080005c4                TIM4_IRQHandler
                0x00000000080005c4                DMA2_Channel1_IRQHandler
                0x00000000080005c4                QUADSPI_IRQHandler
                0x00000000080005c4                DMA1_Channel6_IRQHandler
                0x00000000080005c4                UART4_IRQHandler
                0x00000000080005c4                DMA2_Channel4_IRQHandler
                0x00000000080005c4                TIM3_IRQHandler
                0x00000000080005c4                RCC_IRQHandler
                0x00000000080005c4                DMA1_Channel1_IRQHandler
                0x00000000080005c4                Default_Handler
                0x00000000080005c4                DMA2_Channel7_IRQHandler
                0x00000000080005c4                EXTI15_10_IRQHandler
                0x00000000080005c4                TIM7_IRQHandler
                0x00000000080005c4                SDMMC1_IRQHandler
                0x00000000080005c4                TIM5_IRQHandler
                0x00000000080005c4                I2C3_EV_IRQHandler
                0x00000000080005c4                EXTI9_5_IRQHandler
                0x00000000080005c4                RTC_WKUP_IRQHandler
                0x00000000080005c4                PVD_PVM_IRQHandler
                0x00000000080005c4                SPI2_IRQHandler
                0x00000000080005c4                CAN1_TX_IRQHandler
                0x00000000080005c4                DMA2_Channel5_IRQHandler
                0x00000000080005c4                DMA1_Channel5_IRQHandler
                0x00000000080005c4                EXTI4_IRQHandler
                0x00000000080005c4                RNG_IRQHandler
                0x00000000080005c4                TIM1_TRG_COM_TIM17_IRQHandler
                0x00000000080005c4                DMA1_Channel3_IRQHandler
                0x00000000080005c4                COMP_IRQHandler
                0x00000000080005c4                WWDG_IRQHandler
                0x00000000080005c4                LPUART1_IRQHandler
                0x00000000080005c4                DMA2_Channel6_IRQHandler
                0x00000000080005c4                TIM2_IRQHandler
                0x00000000080005c4                EXTI1_IRQHandler
                0x00000000080005c4                USART2_IRQHandler
                0x00000000080005c4                DFSDM1_FLT0_IRQHandler
                0x00000000080005c4                I2C2_ER_IRQHandler
                0x00000000080005c4                DMA1_Channel2_IRQHandler
                0x00000000080005c4                TIM8_BRK_IRQHandler
                0x00000000080005c4                CAN1_SCE_IRQHandler
                0x00000000080005c4                FLASH_IRQHandler
                0x00000000080005c4                USART1_IRQHandler
                0x00000000080005c4                OTG_FS_IRQHandler
                0x00000000080005c4                SPI3_IRQHandler
                0x00000000080005c4                FMC_IRQHandler
                0x00000000080005c4                SWPMI1_IRQHandler
                0x00000000080005c4                LPTIM1_IRQHandler
                0x00000000080005c4                SAI1_IRQHandler
                0x00000000080005c4                DMA2_Channel3_IRQHandler
                0x00000000080005c4                TIM1_BRK_TIM15_IRQHandler
 .text.HAL_Init
                0x00000000080005c6       0x30 ./Drivers/STM32L4xx_HAL_Driver/Src/stm32l4xx_hal.o
                0x00000000080005c6                HAL_Init
 *fill*         0x00000000080005f6        0x2 
 .text.HAL_InitTick
                0x00000000080005f8       0x78 ./Drivers/STM32L4xx_HAL_Driver/Src/stm32l4xx_hal.o
                0x00000000080005f8                HAL_InitTick
 .text.HAL_IncTick
                0x0000000008000670       0x28 ./Drivers/STM32L4xx_HAL_Driver/Src/stm32l4xx_hal.o
                0x0000000008000670                HAL_IncTick
 .text.HAL_GetTick
                0x0000000008000698       0x18 ./Drivers/STM32L4xx_HAL_Driver/Src/stm32l4xx_hal.o
                0x0000000008000698                HAL_GetTick
 .text.HAL_Delay
                0x00000000080006b0       0x48 ./Drivers/STM32L4xx_HAL_Driver/Src/stm32l4xx_hal.o
                0x00000000080006b0                HAL_Delay
 .text.__NVIC_SetPriorityGrouping
                0x00000000080006f8       0x48 ./Drivers/STM32L4xx_HAL_Driver/Src/stm32l4xx_hal_cortex.o
 .text.__NVIC_GetPriorityGrouping
                0x0000000008000740       0x1c ./Drivers/STM32L4xx_HAL_Driver/Src/stm32l4xx_hal_cortex.o
 .text.__NVIC_EnableIRQ
                0x000000000800075c       0x3c ./Drivers/STM32L4xx_HAL_Driver/Src/stm32l4xx_hal_cortex.o
 .text.__NVIC_DisableIRQ
                0x0000000008000798       0x48 ./Drivers/STM32L4xx_HAL_Driver/Src/stm32l4xx_hal_cortex.o
 .text.__NVIC_SetPriority
                0x00000000080007e0       0x54 ./Drivers/STM32L4xx_HAL_Driver/Src/stm32l4xx_hal_cortex.o
 .text.NVIC_EncodePriority
                0x0000000008000834       0x66 ./Drivers/STM32L4xx_HAL_Driver/Src/stm32l4xx_hal_cortex.o
 *fill*         0x000000000800089a        0x2 
 .text.SysTick_Config
                0x000000000800089c       0x44 ./Drivers/STM32L4xx_HAL_Driver/Src/stm32l4xx_hal_cortex.o
 .text.HAL_NVIC_SetPriorityGrouping
                0x00000000080008e0       0x16 ./Drivers/STM32L4xx_HAL_Driver/Src/stm32l4xx_hal_cortex.o
                0x00000000080008e0                HAL_NVIC_SetPriorityGrouping
 .text.HAL_NVIC_SetPriority
                0x00000000080008f6       0x38 ./Drivers/STM32L4xx_HAL_Driver/Src/stm32l4xx_hal_cortex.o
                0x00000000080008f6                HAL_NVIC_SetPriority
 .text.HAL_NVIC_EnableIRQ
                0x000000000800092e       0x1c ./Drivers/STM32L4xx_HAL_Driver/Src/stm32l4xx_hal_cortex.o
                0x000000000800092e                HAL_NVIC_EnableIRQ
 .text.HAL_NVIC_DisableIRQ
                0x000000000800094a       0x1c ./Drivers/STM32L4xx_HAL_Driver/Src/stm32l4xx_hal_cortex.o
                0x000000000800094a                HAL_NVIC_DisableIRQ
 .text.HAL_SYSTICK_Config
                0x0000000008000966       0x18 ./Drivers/STM32L4xx_HAL_Driver/Src/stm32l4xx_hal_cortex.o
                0x0000000008000966                HAL_SYSTICK_Config
 *fill*         0x000000000800097e        0x2 
 .text.HAL_GPIO_Init
                0x0000000008000980      0x354 ./Drivers/STM32L4xx_HAL_Driver/Src/stm32l4xx_hal_gpio.o
                0x0000000008000980                HAL_GPIO_Init
 .text.HAL_GPIO_DeInit
                0x0000000008000cd4      0x1e8 ./Drivers/STM32L4xx_HAL_Driver/Src/stm32l4xx_hal_gpio.o
                0x0000000008000cd4                HAL_GPIO_DeInit
 .text.HAL_PWREx_GetVoltageRange
                0x0000000008000ebc       0x1c ./Drivers/STM32L4xx_HAL_Driver/Src/stm32l4xx_hal_pwr_ex.o
                0x0000000008000ebc                HAL_PWREx_GetVoltageRange
 .text.HAL_PWREx_ControlVoltageScaling
                0x0000000008000ed8       0xac ./Drivers/STM32L4xx_HAL_Driver/Src/stm32l4xx_hal_pwr_ex.o
                0x0000000008000ed8                HAL_PWREx_ControlVoltageScaling
 .text.HAL_RCC_OscConfig
                0x0000000008000f84      0x7b8 ./Drivers/STM32L4xx_HAL_Driver/Src/stm32l4xx_hal_rcc.o
                0x0000000008000f84                HAL_RCC_OscConfig
 .text.HAL_RCC_ClockConfig
                0x000000000800173c      0x200 ./Drivers/STM32L4xx_HAL_Driver/Src/stm32l4xx_hal_rcc.o
                0x000000000800173c                HAL_RCC_ClockConfig
 .text.HAL_RCC_GetSysClockFreq
                0x000000000800193c      0x118 ./Drivers/STM32L4xx_HAL_Driver/Src/stm32l4xx_hal_rcc.o
                0x000000000800193c                HAL_RCC_GetSysClockFreq
 .text.RCC_SetFlashLatencyFromMSIRange
                0x0000000008001a54       0xc0 ./Drivers/STM32L4xx_HAL_Driver/Src/stm32l4xx_hal_rcc.o
 .text.HAL_RCCEx_PeriphCLKConfig
                0x0000000008001b14      0x5d4 ./Drivers/STM32L4xx_HAL_Driver/Src/stm32l4xx_hal_rcc_ex.o
                0x0000000008001b14                HAL_RCCEx_PeriphCLKConfig
 .text.RCCEx_PLLSAI1_Config
                0x00000000080020e8      0x1e8 ./Drivers/STM32L4xx_HAL_Driver/Src/stm32l4xx_hal_rcc_ex.o
 .text.RCCEx_PLLSAI2_Config
                0x00000000080022d0      0x1bc ./Drivers/STM32L4xx_HAL_Driver/Src/stm32l4xx_hal_rcc_ex.o
 .text.HAL_SMBUS_Init
                0x000000000800248c      0x170 ./Drivers/STM32L4xx_HAL_Driver/Src/stm32l4xx_hal_smbus.o
                0x000000000800248c                HAL_SMBUS_Init
 .text.HAL_SMBUS_DeInit
                0x00000000080025fc       0x52 ./Drivers/STM32L4xx_HAL_Driver/Src/stm32l4xx_hal_smbus.o
                0x00000000080025fc                HAL_SMBUS_DeInit
 *fill*         0x000000000800264e        0x2 
 .text.HAL_SMBUS_Master_Transmit_IT
                0x0000000008002650      0x1d4 ./Drivers/STM32L4xx_HAL_Driver/Src/stm32l4xx_hal_smbus.o
                0x0000000008002650                HAL_SMBUS_Master_Transmit_IT
 .text.HAL_SMBUS_Master_Receive_IT
                0x0000000008002824      0x13c ./Drivers/STM32L4xx_HAL_Driver/Src/stm32l4xx_hal_smbus.o
                0x0000000008002824                HAL_SMBUS_Master_Receive_IT
 .text.HAL_SMBUS_Master_Abort_IT
                0x0000000008002960       0x9e ./Drivers/STM32L4xx_HAL_Driver/Src/stm32l4xx_hal_smbus.o
                0x0000000008002960                HAL_SMBUS_Master_Abort_IT
 .text.HAL_SMBUS_Slave_Transmit_IT
                0x00000000080029fe      0x146 ./Drivers/STM32L4xx_HAL_Driver/Src/stm32l4xx_hal_smbus.o
                0x00000000080029fe                HAL_SMBUS_Slave_Transmit_IT
 .text.HAL_SMBUS_Slave_Receive_IT
                0x0000000008002b44      0x10e ./Drivers/STM32L4xx_HAL_Driver/Src/stm32l4xx_hal_smbus.o
                0x0000000008002b44                HAL_SMBUS_Slave_Receive_IT
 .text.HAL_SMBUS_EnableListen_IT
                0x0000000008002c52       0x20 ./Drivers/STM32L4xx_HAL_Driver/Src/stm32l4xx_hal_smbus.o
                0x0000000008002c52                HAL_SMBUS_EnableListen_IT
 .text.HAL_SMBUS_DisableListen_IT
                0x0000000008002c72       0x2c ./Drivers/STM32L4xx_HAL_Driver/Src/stm32l4xx_hal_smbus.o
                0x0000000008002c72                HAL_SMBUS_DisableListen_IT
 .text.HAL_SMBUS_IsDeviceReady
                0x0000000008002c9e      0x1f6 ./Drivers/STM32L4xx_HAL_Driver/Src/stm32l4xx_hal_smbus.o
                0x0000000008002c9e                HAL_SMBUS_IsDeviceReady
 .text.HAL_SMBUS_EV_IRQHandler
                0x0000000008002e94      0x13c ./Drivers/STM32L4xx_HAL_Driver/Src/stm32l4xx_hal_smbus.o
                0x0000000008002e94                HAL_SMBUS_EV_IRQHandler
 .text.HAL_SMBUS_ER_IRQHandler
                0x0000000008002fd0       0x16 ./Drivers/STM32L4xx_HAL_Driver/Src/stm32l4xx_hal_smbus.o
                0x0000000008002fd0                HAL_SMBUS_ER_IRQHandler
 *fill*         0x0000000008002fe6        0x2 
 .text.SMBUS_Master_ISR
                0x0000000008002fe8      0x3a4 ./Drivers/STM32L4xx_HAL_Driver/Src/stm32l4xx_hal_smbus.o
 .text.SMBUS_Slave_ISR
                0x000000000800338c      0x3b8 ./Drivers/STM32L4xx_HAL_Driver/Src/stm32l4xx_hal_smbus.o
 .text.SMBUS_Enable_IRQ
                0x0000000008003744       0x72 ./Drivers/STM32L4xx_HAL_Driver/Src/stm32l4xx_hal_smbus.o
 .text.SMBUS_Disable_IRQ
                0x00000000080037b6       0xfa ./Drivers/STM32L4xx_HAL_Driver/Src/stm32l4xx_hal_smbus.o
 .text.SMBUS_ITErrorHandler
                0x00000000080038b0      0x16a ./Drivers/STM32L4xx_HAL_Driver/Src/stm32l4xx_hal_smbus.o
 .text.SMBUS_WaitOnFlagUntilTimeout
                0x0000000008003a1a       0x88 ./Drivers/STM32L4xx_HAL_Driver/Src/stm32l4xx_hal_smbus.o
 .text.SMBUS_Flush_TXDR
                0x0000000008003aa2       0x48 ./Drivers/STM32L4xx_HAL_Driver/Src/stm32l4xx_hal_smbus.o
 *fill*         0x0000000008003aea        0x2 
 .text.SMBUS_TransferConfig
                0x0000000008003aec       0x5c ./Drivers/STM32L4xx_HAL_Driver/Src/stm32l4xx_hal_smbus.o
 .text.SMBUS_ConvertOtherXferOptions
                0x0000000008003b48       0x5e ./Drivers/STM32L4xx_HAL_Driver/Src/stm32l4xx_hal_smbus.o
 *fill*         0x0000000008003ba6        0x2 
 .text.STACK_SMBUS_LocateCommand
                0x0000000008003ba8       0x94 ./Middlewares/ST/STM32_SMBus_Stack/src/stm32_PMBUS_stack.o
                0x0000000008003ba8                STACK_SMBUS_LocateCommand
 .text.STACK_PMBUS_MasterZoneReadStatusCont
                0x0000000008003c3c       0x48 ./Middlewares/ST/STM32_SMBus_Stack/src/stm32_PMBUS_stack.o
                0x0000000008003c3c                STACK_PMBUS_MasterZoneReadStatusCont
 .text.STACK_PMBUS_ZoneReadCallback
                0x0000000008003c84       0x46 ./Middlewares/ST/STM32_SMBus_Stack/src/stm32_PMBUS_stack.o
                0x0000000008003c84                STACK_PMBUS_ZoneReadCallback
 *fill*         0x0000000008003cca        0x2 
 .text.STACK_SMBUS_ResolveContext
                0x0000000008003ccc       0x4c ./Middlewares/ST/STM32_SMBus_Stack/src/stm32_SMBUS_stack.o
                0x0000000008003ccc                STACK_SMBUS_ResolveContext
 .text.HAL_SMBUS_MasterTxCpltCallback
                0x0000000008003d18       0xf8 ./Middlewares/ST/STM32_SMBus_Stack/src/stm32_SMBUS_stack.o
                0x0000000008003d18                HAL_SMBUS_MasterTxCpltCallback
 .text.HAL_SMBUS_MasterRxCpltCallback
                0x0000000008003e10      0x104 ./Middlewares/ST/STM32_SMBus_Stack/src/stm32_SMBUS_stack.o
                0x0000000008003e10                HAL_SMBUS_MasterRxCpltCallback
 .text.HAL_SMBUS_SlaveTxCpltCallback
                0x0000000008003f14       0x48 ./Middlewares/ST/STM32_SMBus_Stack/src/stm32_SMBUS_stack.o
                0x0000000008003f14                HAL_SMBUS_SlaveTxCpltCallback
 .text.HAL_SMBUS_SlaveRxCpltCallback
                0x0000000008003f5c      0x2c0 ./Middlewares/ST/STM32_SMBus_Stack/src/stm32_SMBUS_stack.o
                0x0000000008003f5c                HAL_SMBUS_SlaveRxCpltCallback
 .text.HAL_SMBUS_AddrCallback
                0x000000000800421c      0x3ec ./Middlewares/ST/STM32_SMBus_Stack/src/stm32_SMBUS_stack.o
                0x000000000800421c                HAL_SMBUS_AddrCallback
 .text.HAL_SMBUS_ListenCpltCallback
                0x0000000008004608       0xd8 ./Middlewares/ST/STM32_SMBus_Stack/src/stm32_SMBUS_stack.o
                0x0000000008004608                HAL_SMBUS_ListenCpltCallback
 .text.HAL_SMBUS_ErrorCallback
                0x00000000080046e0      0x270 ./Middlewares/ST/STM32_SMBus_Stack/src/stm32_SMBUS_stack.o
                0x00000000080046e0                HAL_SMBUS_ErrorCallback
 .text.STACK_SMBUS_AddrAccpt
                0x0000000008004950       0x52 ./Middlewares/ST/STM32_SMBus_Stack/src/stm32_SMBUS_stack.o
                0x0000000008004950                STACK_SMBUS_AddrAccpt
 .text.STACK_SMBUS_ExecuteCommandARP
                0x00000000080049a2       0x1a ./Middlewares/ST/STM32_SMBus_Stack/src/stm32_SMBUS_stack.o
                0x00000000080049a2                STACK_SMBUS_ExecuteCommandARP
 .text.STACK_SMBUS_AlertClbk
                0x00000000080049bc       0x14 ./Middlewares/ST/STM32_SMBus_Stack/src/stm32_SMBUS_stack.o
                0x00000000080049bc                STACK_SMBUS_AlertClbk
 .text.STACK_SMBUS_ReadyIfNoAlert
                0x00000000080049d0       0x88 ./Middlewares/ST/STM32_SMBus_Stack/src/stm32_SMBUS_stack.o
                0x00000000080049d0                STACK_SMBUS_ReadyIfNoAlert
 .text.STACK_SMBUS_Init
                0x0000000008004a58       0x70 ./Middlewares/ST/STM32_SMBus_Stack/src/stm32_SMBUS_stack.o
                0x0000000008004a58                STACK_SMBUS_Init
 .text.STACK_SMBUS_GetBuffer
                0x0000000008004ac8       0x3a ./Middlewares/ST/STM32_SMBus_Stack/src/stm32_SMBUS_stack.o
                0x0000000008004ac8                STACK_SMBUS_GetBuffer
 .text.STACK_SMBUS_HostCommand
                0x0000000008004b02      0x160 ./Middlewares/ST/STM32_SMBus_Stack/src/stm32_SMBUS_stack.o
                0x0000000008004b02                STACK_SMBUS_HostCommand
 .text.STACK_SMBUS_HostRead
                0x0000000008004c62       0xac ./Middlewares/ST/STM32_SMBus_Stack/src/stm32_SMBUS_stack.o
                0x0000000008004c62                STACK_SMBUS_HostRead
 .text.STACK_SMBUS_ExecuteCommand
                0x0000000008004d0e       0x16 ./Middlewares/ST/STM32_SMBus_Stack/src/stm32_SMBUS_stack.o
                0x0000000008004d0e                STACK_SMBUS_ExecuteCommand
 .text.STACK_SMBUS_ExtendCommand
                0x0000000008004d24       0x16 ./Middlewares/ST/STM32_SMBus_Stack/src/stm32_SMBUS_stack.o
                0x0000000008004d24                STACK_SMBUS_ExtendCommand
 *fill*         0x0000000008004d3a        0x2 
 .text.MX_SMBus_PMBus_Stack_Process
                0x0000000008004d3c       0x8c ./SMBus_PMBus_Stack/App/app_X-CUBE-SMBUS.o
                0x0000000008004d3c                MX_SMBus_PMBus_Stack_Process
 .text.MX_SMBus_PMBus_Stack_Init
                0x0000000008004dc8       0x48 ./SMBus_PMBus_Stack/App/app_X-CUBE-SMBUS.o
                0x0000000008004dc8                MX_SMBus_PMBus_Stack_Init
 .text.MX_STACK_SMBUS_Init
                0x0000000008004e10       0x78 ./SMBus_PMBus_Stack/Target/smbus.o
                0x0000000008004e10                MX_STACK_SMBUS_Init
 .text.MX_SMBUS_Error_Check
                0x0000000008004e88       0x68 ./SMBus_PMBus_Stack/Target/smbus.o
                0x0000000008004e88                MX_SMBUS_Error_Check
 .text.memset   0x0000000008004ef0       0x10 C:/ST/STM32CubeIDE_1.13.1/STM32CubeIDE/plugins/com.st.stm32cube.ide.mcu.externaltools.gnu-tools-for-stm32.11.3.rel1.win32_1.1.0.202305231506/tools/bin/../lib/gcc/arm-none-eabi/11.3.1/../../../../arm-none-eabi/lib/thumb/v7e-m+fp/hard\libc_nano.a(libc_a-memset.o)
                0x0000000008004ef0                memset
 .text.__libc_init_array
                0x0000000008004f00       0x48 C:/ST/STM32CubeIDE_1.13.1/STM32CubeIDE/plugins/com.st.stm32cube.ide.mcu.externaltools.gnu-tools-for-stm32.11.3.rel1.win32_1.1.0.202305231506/tools/bin/../lib/gcc/arm-none-eabi/11.3.1/../../../../arm-none-eabi/lib/thumb/v7e-m+fp/hard\libc_nano.a(libc_a-init.o)
                0x0000000008004f00                __libc_init_array
 *(.glue_7)
 .glue_7        0x0000000008004f48        0x0 linker stubs
 *(.glue_7t)
 .glue_7t       0x0000000008004f48        0x0 linker stubs
 *(.eh_frame)
 .eh_frame      0x0000000008004f48        0x0 C:/ST/STM32CubeIDE_1.13.1/STM32CubeIDE/plugins/com.st.stm32cube.ide.mcu.externaltools.gnu-tools-for-stm32.11.3.rel1.win32_1.1.0.202305231506/tools/bin/../lib/gcc/arm-none-eabi/11.3.1/thumb/v7e-m+fp/hard/crtbegin.o
 *(.init)
 .init          0x0000000008004f48        0x4 C:/ST/STM32CubeIDE_1.13.1/STM32CubeIDE/plugins/com.st.stm32cube.ide.mcu.externaltools.gnu-tools-for-stm32.11.3.rel1.win32_1.1.0.202305231506/tools/bin/../lib/gcc/arm-none-eabi/11.3.1/thumb/v7e-m+fp/hard/crti.o
                0x0000000008004f48                _init
 .init          0x0000000008004f4c        0x8 C:/ST/STM32CubeIDE_1.13.1/STM32CubeIDE/plugins/com.st.stm32cube.ide.mcu.externaltools.gnu-tools-for-stm32.11.3.rel1.win32_1.1.0.202305231506/tools/bin/../lib/gcc/arm-none-eabi/11.3.1/thumb/v7e-m+fp/hard/crtn.o
 *(.fini)
 .fini          0x0000000008004f54        0x4 C:/ST/STM32CubeIDE_1.13.1/STM32CubeIDE/plugins/com.st.stm32cube.ide.mcu.externaltools.gnu-tools-for-stm32.11.3.rel1.win32_1.1.0.202305231506/tools/bin/../lib/gcc/arm-none-eabi/11.3.1/thumb/v7e-m+fp/hard/crti.o
                0x0000000008004f54                _fini
 .fini          0x0000000008004f58        0x8 C:/ST/STM32CubeIDE_1.13.1/STM32CubeIDE/plugins/com.st.stm32cube.ide.mcu.externaltools.gnu-tools-for-stm32.11.3.rel1.win32_1.1.0.202305231506/tools/bin/../lib/gcc/arm-none-eabi/11.3.1/thumb/v7e-m+fp/hard/crtn.o
                0x0000000008004f60                . = ALIGN (0x4)
                0x0000000008004f60                _etext = .

.vfp11_veneer   0x0000000008004f60        0x0
 .vfp11_veneer  0x0000000008004f60        0x0 linker stubs

.v4_bx          0x0000000008004f60        0x0
 .v4_bx         0x0000000008004f60        0x0 linker stubs

.iplt           0x0000000008004f60        0x0
 .iplt          0x0000000008004f60        0x0 C:/ST/STM32CubeIDE_1.13.1/STM32CubeIDE/plugins/com.st.stm32cube.ide.mcu.externaltools.gnu-tools-for-stm32.11.3.rel1.win32_1.1.0.202305231506/tools/bin/../lib/gcc/arm-none-eabi/11.3.1/thumb/v7e-m+fp/hard/crtbegin.o

.rodata         0x0000000008004f60      0x32c
                0x0000000008004f60                . = ALIGN (0x4)
 *(.rodata)
 *(.rodata*)
 .rodata.AHBPrescTable
                0x0000000008004f60       0x10 ./Core/Src/system_stm32l4xx.o
                0x0000000008004f60                AHBPrescTable
 .rodata.MSIRangeTable
                0x0000000008004f70       0x30 ./Core/Src/system_stm32l4xx.o
                0x0000000008004f70                MSIRangeTable
 .rodata.PMBUS_COMMANDS_TAB
                0x0000000008004fa0      0x290 ./Middlewares/ST/STM32_SMBus_Stack/src/stm32_PMBUS_stack.o
                0x0000000008004fa0                PMBUS_COMMANDS_TAB
 .rodata.PMBUS_COMMANDS_TEST
                0x0000000008005230       0x54 ./Middlewares/ST/STM32_SMBus_Stack/src/stm32_PMBUS_stack.o
                0x0000000008005230                PMBUS_COMMANDS_TEST
 .rodata.EXTENDED_READ_BYTE
                0x0000000008005284        0x4 ./Middlewares/ST/STM32_SMBus_Stack/src/stm32_PMBUS_stack.o
                0x0000000008005284                EXTENDED_READ_BYTE
 .rodata.ZONE_READ_COMMAND
                0x0000000008005288        0x4 ./Middlewares/ST/STM32_SMBus_Stack/src/stm32_PMBUS_stack.o
                0x0000000008005288                ZONE_READ_COMMAND
                0x000000000800528c                . = ALIGN (0x4)

.rel.dyn        0x000000000800528c        0x0
 .rel.iplt      0x000000000800528c        0x0 C:/ST/STM32CubeIDE_1.13.1/STM32CubeIDE/plugins/com.st.stm32cube.ide.mcu.externaltools.gnu-tools-for-stm32.11.3.rel1.win32_1.1.0.202305231506/tools/bin/../lib/gcc/arm-none-eabi/11.3.1/thumb/v7e-m+fp/hard/crtbegin.o

.ARM.extab      0x000000000800528c        0x0
                0x000000000800528c                . = ALIGN (0x4)
 *(.ARM.extab* .gnu.linkonce.armextab.*)
                0x000000000800528c                . = ALIGN (0x4)

.ARM            0x000000000800528c        0x0
                0x000000000800528c                . = ALIGN (0x4)
                0x000000000800528c                __exidx_start = .
 *(.ARM.exidx*)
                0x000000000800528c                __exidx_end = .
                0x000000000800528c                . = ALIGN (0x4)

.preinit_array  0x000000000800528c        0x0
                0x000000000800528c                . = ALIGN (0x4)
                0x000000000800528c                PROVIDE (__preinit_array_start = .)
 *(.preinit_array*)
                0x000000000800528c                PROVIDE (__preinit_array_end = .)
                0x000000000800528c                . = ALIGN (0x4)

.init_array     0x000000000800528c        0x4
                0x000000000800528c                . = ALIGN (0x4)
                0x000000000800528c                PROVIDE (__init_array_start = .)
 *(SORT_BY_NAME(.init_array.*))
 *(.init_array*)
 .init_array    0x000000000800528c        0x4 C:/ST/STM32CubeIDE_1.13.1/STM32CubeIDE/plugins/com.st.stm32cube.ide.mcu.externaltools.gnu-tools-for-stm32.11.3.rel1.win32_1.1.0.202305231506/tools/bin/../lib/gcc/arm-none-eabi/11.3.1/thumb/v7e-m+fp/hard/crtbegin.o
                0x0000000008005290                PROVIDE (__init_array_end = .)
                0x0000000008005290                . = ALIGN (0x4)

.fini_array     0x0000000008005290        0x4
                0x0000000008005290                . = ALIGN (0x4)
                [!provide]                        PROVIDE (__fini_array_start = .)
 *(SORT_BY_NAME(.fini_array.*))
 *(.fini_array*)
 .fini_array    0x0000000008005290        0x4 C:/ST/STM32CubeIDE_1.13.1/STM32CubeIDE/plugins/com.st.stm32cube.ide.mcu.externaltools.gnu-tools-for-stm32.11.3.rel1.win32_1.1.0.202305231506/tools/bin/../lib/gcc/arm-none-eabi/11.3.1/thumb/v7e-m+fp/hard/crtbegin.o
                [!provide]                        PROVIDE (__fini_array_end = .)
                0x0000000008005294                . = ALIGN (0x4)
                0x0000000008005294                _sidata = LOADADDR (.data)

.data           0x0000000020000000       0x14 load address 0x0000000008005294
                0x0000000020000000                . = ALIGN (0x4)
                0x0000000020000000                _sdata = .
 *(.data)
 *(.data*)
 .data.SystemCoreClock
                0x0000000020000000        0x4 ./Core/Src/system_stm32l4xx.o
                0x0000000020000000                SystemCoreClock
 .data.uwTickPrio
                0x0000000020000004        0x4 ./Drivers/STM32L4xx_HAL_Driver/Src/stm32l4xx_hal.o
                0x0000000020000004                uwTickPrio
 .data.uwTickFreq
                0x0000000020000008        0x1 ./Drivers/STM32L4xx_HAL_Driver/Src/stm32l4xx_hal.o
                0x0000000020000008                uwTickFreq
 *fill*         0x0000000020000009        0x3 
 .data.ALERT_RESPONSE
                0x000000002000000c        0x4 ./Middlewares/ST/STM32_SMBus_Stack/src/stm32_SMBUS_stack.o
                0x000000002000000c                ALERT_RESPONSE
 .data.HOST_NOTIFY_PROTOCOL
                0x0000000020000010        0x4 ./Middlewares/ST/STM32_SMBus_Stack/src/stm32_SMBUS_stack.o
                0x0000000020000010                HOST_NOTIFY_PROTOCOL
 *(.RamFunc)
 *(.RamFunc*)
                0x0000000020000014                . = ALIGN (0x4)
                0x0000000020000014                _edata = .

.igot.plt       0x0000000020000014        0x0 load address 0x00000000080052a8
 .igot.plt      0x0000000020000014        0x0 C:/ST/STM32CubeIDE_1.13.1/STM32CubeIDE/plugins/com.st.stm32cube.ide.mcu.externaltools.gnu-tools-for-stm32.11.3.rel1.win32_1.1.0.202305231506/tools/bin/../lib/gcc/arm-none-eabi/11.3.1/thumb/v7e-m+fp/hard/crtbegin.o
                0x0000000020000014                . = ALIGN (0x4)

.bss            0x0000000020000014       0xcc load address 0x00000000080052a8
                0x0000000020000014                _sbss = .
                0x0000000020000014                __bss_start__ = _sbss
 *(.bss)
 .bss           0x0000000020000014       0x1c C:/ST/STM32CubeIDE_1.13.1/STM32CubeIDE/plugins/com.st.stm32cube.ide.mcu.externaltools.gnu-tools-for-stm32.11.3.rel1.win32_1.1.0.202305231506/tools/bin/../lib/gcc/arm-none-eabi/11.3.1/thumb/v7e-m+fp/hard/crtbegin.o
 *(.bss*)
 .bss.hsmbus1   0x0000000020000030       0x50 ./Core/Src/main.o
                0x0000000020000030                hsmbus1
 .bss.uwTick    0x0000000020000080        0x4 ./Drivers/STM32L4xx_HAL_Driver/Src/stm32l4xx_hal.o
                0x0000000020000080                uwTick
 .bss.SMBUSInstancesList
                0x0000000020000084        0x8 ./Middlewares/ST/STM32_SMBus_Stack/src/stm32_SMBUS_stack.o
                0x0000000020000084                SMBUSInstancesList
 .bss.context   0x000000002000008c       0x50 ./SMBus_PMBus_Stack/Target/smbus.o
                0x000000002000008c                context
 .bss.pcontext  0x00000000200000dc        0x4 ./SMBus_PMBus_Stack/Target/smbus.o
                0x00000000200000dc                pcontext
 *(COMMON)
                0x00000000200000e0                . = ALIGN (0x4)
                0x00000000200000e0                _ebss = .
                0x00000000200000e0                __bss_end__ = _ebss

._user_heap_stack
                0x00000000200000e0      0x600 load address 0x00000000080052a8
                0x00000000200000e0                . = ALIGN (0x8)
                [!provide]                        PROVIDE (end = .)
                0x00000000200000e0                PROVIDE (_end = .)
                0x00000000200002e0                . = (. + _Min_Heap_Size)
 *fill*         0x00000000200000e0      0x200 
                0x00000000200006e0                . = (. + _Min_Stack_Size)
 *fill*         0x00000000200002e0      0x400 
                0x00000000200006e0                . = ALIGN (0x8)

/DISCARD/
 libc.a(*)
 libm.a(*)
 libgcc.a(*)

.ARM.attributes
                0x0000000000000000       0x30
 *(.ARM.attributes)
 .ARM.attributes
                0x0000000000000000       0x1e C:/ST/STM32CubeIDE_1.13.1/STM32CubeIDE/plugins/com.st.stm32cube.ide.mcu.externaltools.gnu-tools-for-stm32.11.3.rel1.win32_1.1.0.202305231506/tools/bin/../lib/gcc/arm-none-eabi/11.3.1/thumb/v7e-m+fp/hard/crti.o
 .ARM.attributes
                0x000000000000001e       0x34 C:/ST/STM32CubeIDE_1.13.1/STM32CubeIDE/plugins/com.st.stm32cube.ide.mcu.externaltools.gnu-tools-for-stm32.11.3.rel1.win32_1.1.0.202305231506/tools/bin/../lib/gcc/arm-none-eabi/11.3.1/thumb/v7e-m+fp/hard/crtbegin.o
 .ARM.attributes
                0x0000000000000052       0x34 ./Core/Src/main.o
 .ARM.attributes
                0x0000000000000086       0x34 ./Core/Src/stm32l4xx_hal_msp.o
 .ARM.attributes
                0x00000000000000ba       0x34 ./Core/Src/stm32l4xx_it.o
 .ARM.attributes
                0x00000000000000ee       0x34 ./Core/Src/system_stm32l4xx.o
 .ARM.attributes
                0x0000000000000122       0x21 ./Core/Startup/startup_stm32l476rgtx.o
 .ARM.attributes
                0x0000000000000143       0x34 ./Drivers/STM32L4xx_HAL_Driver/Src/stm32l4xx_hal.o
 .ARM.attributes
                0x0000000000000177       0x34 ./Drivers/STM32L4xx_HAL_Driver/Src/stm32l4xx_hal_cortex.o
 .ARM.attributes
                0x00000000000001ab       0x34 ./Drivers/STM32L4xx_HAL_Driver/Src/stm32l4xx_hal_gpio.o
 .ARM.attributes
                0x00000000000001df       0x34 ./Drivers/STM32L4xx_HAL_Driver/Src/stm32l4xx_hal_pwr_ex.o
 .ARM.attributes
                0x0000000000000213       0x34 ./Drivers/STM32L4xx_HAL_Driver/Src/stm32l4xx_hal_rcc.o
 .ARM.attributes
                0x0000000000000247       0x34 ./Drivers/STM32L4xx_HAL_Driver/Src/stm32l4xx_hal_rcc_ex.o
 .ARM.attributes
                0x000000000000027b       0x34 ./Drivers/STM32L4xx_HAL_Driver/Src/stm32l4xx_hal_smbus.o
 .ARM.attributes
                0x00000000000002af       0x34 ./Middlewares/ST/STM32_SMBus_Stack/src/stm32_PMBUS_stack.o
 .ARM.attributes
                0x00000000000002e3       0x34 ./Middlewares/ST/STM32_SMBus_Stack/src/stm32_SMBUS_stack.o
 .ARM.attributes
                0x0000000000000317       0x34 ./SMBus_PMBus_Stack/App/app_X-CUBE-SMBUS.o
 .ARM.attributes
                0x000000000000034b       0x34 ./SMBus_PMBus_Stack/Target/smbus.o
 .ARM.attributes
                0x000000000000037f       0x34 C:/ST/STM32CubeIDE_1.13.1/STM32CubeIDE/plugins/com.st.stm32cube.ide.mcu.externaltools.gnu-tools-for-stm32.11.3.rel1.win32_1.1.0.202305231506/tools/bin/../lib/gcc/arm-none-eabi/11.3.1/../../../../arm-none-eabi/lib/thumb/v7e-m+fp/hard\libc_nano.a(libc_a-memset.o)
 .ARM.attributes
                0x00000000000003b3       0x34 C:/ST/STM32CubeIDE_1.13.1/STM32CubeIDE/plugins/com.st.stm32cube.ide.mcu.externaltools.gnu-tools-for-stm32.11.3.rel1.win32_1.1.0.202305231506/tools/bin/../lib/gcc/arm-none-eabi/11.3.1/../../../../arm-none-eabi/lib/thumb/v7e-m+fp/hard\libc_nano.a(libc_a-init.o)
 .ARM.attributes
                0x00000000000003e7       0x1e C:/ST/STM32CubeIDE_1.13.1/STM32CubeIDE/plugins/com.st.stm32cube.ide.mcu.externaltools.gnu-tools-for-stm32.11.3.rel1.win32_1.1.0.202305231506/tools/bin/../lib/gcc/arm-none-eabi/11.3.1/thumb/v7e-m+fp/hard/crtn.o
OUTPUT(SMBUS_Master_L4.elf elf32-littlearm)
LOAD linker stubs
LOAD C:/ST/STM32CubeIDE_1.13.1/STM32CubeIDE/plugins/com.st.stm32cube.ide.mcu.externaltools.gnu-tools-for-stm32.11.3.rel1.win32_1.1.0.202305231506/tools/bin/../lib/gcc/arm-none-eabi/11.3.1/../../../../arm-none-eabi/lib/thumb/v7e-m+fp/hard\libc.a
LOAD C:/ST/STM32CubeIDE_1.13.1/STM32CubeIDE/plugins/com.st.stm32cube.ide.mcu.externaltools.gnu-tools-for-stm32.11.3.rel1.win32_1.1.0.202305231506/tools/bin/../lib/gcc/arm-none-eabi/11.3.1/../../../../arm-none-eabi/lib/thumb/v7e-m+fp/hard\libm.a
LOAD C:/ST/STM32CubeIDE_1.13.1/STM32CubeIDE/plugins/com.st.stm32cube.ide.mcu.externaltools.gnu-tools-for-stm32.11.3.rel1.win32_1.1.0.202305231506/tools/bin/../lib/gcc/arm-none-eabi/11.3.1/thumb/v7e-m+fp/hard\libgcc.a

.comment        0x0000000000000000       0x43
 .comment       0x0000000000000000       0x43 C:/ST/STM32CubeIDE_1.13.1/STM32CubeIDE/plugins/com.st.stm32cube.ide.mcu.externaltools.gnu-tools-for-stm32.11.3.rel1.win32_1.1.0.202305231506/tools/bin/../lib/gcc/arm-none-eabi/11.3.1/thumb/v7e-m+fp/hard/crtbegin.o
                                         0x44 (size before relaxing)
 .comment       0x0000000000000043       0x44 ./Core/Src/main.o
 .comment       0x0000000000000043       0x44 ./Core/Src/stm32l4xx_hal_msp.o
 .comment       0x0000000000000043       0x44 ./Core/Src/stm32l4xx_it.o
 .comment       0x0000000000000043       0x44 ./Core/Src/system_stm32l4xx.o
 .comment       0x0000000000000043       0x44 ./Drivers/STM32L4xx_HAL_Driver/Src/stm32l4xx_hal.o
 .comment       0x0000000000000043       0x44 ./Drivers/STM32L4xx_HAL_Driver/Src/stm32l4xx_hal_cortex.o
 .comment       0x0000000000000043       0x44 ./Drivers/STM32L4xx_HAL_Driver/Src/stm32l4xx_hal_gpio.o
 .comment       0x0000000000000043       0x44 ./Drivers/STM32L4xx_HAL_Driver/Src/stm32l4xx_hal_pwr_ex.o
 .comment       0x0000000000000043       0x44 ./Drivers/STM32L4xx_HAL_Driver/Src/stm32l4xx_hal_rcc.o
 .comment       0x0000000000000043       0x44 ./Drivers/STM32L4xx_HAL_Driver/Src/stm32l4xx_hal_rcc_ex.o
 .comment       0x0000000000000043       0x44 ./Drivers/STM32L4xx_HAL_Driver/Src/stm32l4xx_hal_smbus.o
 .comment       0x0000000000000043       0x44 ./Middlewares/ST/STM32_SMBus_Stack/src/stm32_PMBUS_stack.o
 .comment       0x0000000000000043       0x44 ./Middlewares/ST/STM32_SMBus_Stack/src/stm32_SMBUS_stack.o
 .comment       0x0000000000000043       0x44 ./SMBus_PMBus_Stack/App/app_X-CUBE-SMBUS.o
 .comment       0x0000000000000043       0x44 ./SMBus_PMBus_Stack/Target/smbus.o

.debug_info     0x0000000000000000     0x8d3d
 .debug_info    0x0000000000000000      0x7d0 ./Core/Src/main.o
 .debug_info    0x00000000000007d0      0xc23 ./Core/Src/stm32l4xx_hal_msp.o
 .debug_info    0x00000000000013f3      0x3b3 ./Core/Src/stm32l4xx_it.o
 .debug_info    0x00000000000017a6      0x5b1 ./Core/Src/system_stm32l4xx.o
 .debug_info    0x0000000000001d57       0x23 ./Core/Startup/startup_stm32l476rgtx.o
 .debug_info    0x0000000000001d7a      0xaeb ./Drivers/STM32L4xx_HAL_Driver/Src/stm32l4xx_hal.o
 .debug_info    0x0000000000002865      0xd4c ./Drivers/STM32L4xx_HAL_Driver/Src/stm32l4xx_hal_cortex.o
 .debug_info    0x00000000000035b1      0x757 ./Drivers/STM32L4xx_HAL_Driver/Src/stm32l4xx_hal_gpio.o
 .debug_info    0x0000000000003d08      0x99e ./Drivers/STM32L4xx_HAL_Driver/Src/stm32l4xx_hal_pwr_ex.o
 .debug_info    0x00000000000046a6      0xc14 ./Drivers/STM32L4xx_HAL_Driver/Src/stm32l4xx_hal_rcc.o
 .debug_info    0x00000000000052ba      0xe11 ./Drivers/STM32L4xx_HAL_Driver/Src/stm32l4xx_hal_rcc_ex.o
 .debug_info    0x00000000000060cb      0xbe0 ./Drivers/STM32L4xx_HAL_Driver/Src/stm32l4xx_hal_smbus.o
 .debug_info    0x0000000000006cab      0x899 ./Middlewares/ST/STM32_SMBus_Stack/src/stm32_PMBUS_stack.o
 .debug_info    0x0000000000007544      0xc2d ./Middlewares/ST/STM32_SMBus_Stack/src/stm32_SMBUS_stack.o
 .debug_info    0x0000000000008171      0x59b ./SMBus_PMBus_Stack/App/app_X-CUBE-SMBUS.o
 .debug_info    0x000000000000870c      0x631 ./SMBus_PMBus_Stack/Target/smbus.o

.debug_abbrev   0x0000000000000000     0x1ea1
 .debug_abbrev  0x0000000000000000      0x20b ./Core/Src/main.o
 .debug_abbrev  0x000000000000020b      0x1af ./Core/Src/stm32l4xx_hal_msp.o
 .debug_abbrev  0x00000000000003ba      0x149 ./Core/Src/stm32l4xx_it.o
 .debug_abbrev  0x0000000000000503      0x11a ./Core/Src/system_stm32l4xx.o
 .debug_abbrev  0x000000000000061d       0x12 ./Core/Startup/startup_stm32l476rgtx.o
 .debug_abbrev  0x000000000000062f      0x242 ./Drivers/STM32L4xx_HAL_Driver/Src/stm32l4xx_hal.o
 .debug_abbrev  0x0000000000000871      0x327 ./Drivers/STM32L4xx_HAL_Driver/Src/stm32l4xx_hal_cortex.o
 .debug_abbrev  0x0000000000000b98      0x1cb ./Drivers/STM32L4xx_HAL_Driver/Src/stm32l4xx_hal_gpio.o
 .debug_abbrev  0x0000000000000d63      0x1f9 ./Drivers/STM32L4xx_HAL_Driver/Src/stm32l4xx_hal_pwr_ex.o
 .debug_abbrev  0x0000000000000f5c      0x2cb ./Drivers/STM32L4xx_HAL_Driver/Src/stm32l4xx_hal_rcc.o
 .debug_abbrev  0x0000000000001227      0x2a6 ./Drivers/STM32L4xx_HAL_Driver/Src/stm32l4xx_hal_rcc_ex.o
 .debug_abbrev  0x00000000000014cd      0x211 ./Drivers/STM32L4xx_HAL_Driver/Src/stm32l4xx_hal_smbus.o
 .debug_abbrev  0x00000000000016de      0x1e6 ./Middlewares/ST/STM32_SMBus_Stack/src/stm32_PMBUS_stack.o
 .debug_abbrev  0x00000000000018c4      0x25e ./Middlewares/ST/STM32_SMBus_Stack/src/stm32_SMBUS_stack.o
 .debug_abbrev  0x0000000000001b22      0x1b1 ./SMBus_PMBus_Stack/App/app_X-CUBE-SMBUS.o
 .debug_abbrev  0x0000000000001cd3      0x1ce ./SMBus_PMBus_Stack/Target/smbus.o

.debug_aranges  0x0000000000000000      0x930
 .debug_aranges
                0x0000000000000000       0x40 ./Core/Src/main.o
 .debug_aranges
                0x0000000000000040       0x30 ./Core/Src/stm32l4xx_hal_msp.o
 .debug_aranges
                0x0000000000000070       0x70 ./Core/Src/stm32l4xx_it.o
 .debug_aranges
                0x00000000000000e0       0x28 ./Core/Src/system_stm32l4xx.o
 .debug_aranges
                0x0000000000000108       0x28 ./Core/Startup/startup_stm32l476rgtx.o
 .debug_aranges
                0x0000000000000130      0x130 ./Drivers/STM32L4xx_HAL_Driver/Src/stm32l4xx_hal.o
 .debug_aranges
                0x0000000000000260      0x118 ./Drivers/STM32L4xx_HAL_Driver/Src/stm32l4xx_hal_cortex.o
 .debug_aranges
                0x0000000000000378       0x58 ./Drivers/STM32L4xx_HAL_Driver/Src/stm32l4xx_hal_gpio.o
 .debug_aranges
                0x00000000000003d0      0x160 ./Drivers/STM32L4xx_HAL_Driver/Src/stm32l4xx_hal_pwr_ex.o
 .debug_aranges
                0x0000000000000530       0x90 ./Drivers/STM32L4xx_HAL_Driver/Src/stm32l4xx_hal_rcc.o
 .debug_aranges
                0x00000000000005c0       0xc0 ./Drivers/STM32L4xx_HAL_Driver/Src/stm32l4xx_hal_rcc_ex.o
 .debug_aranges
                0x0000000000000680      0x138 ./Drivers/STM32L4xx_HAL_Driver/Src/stm32l4xx_hal_smbus.o
 .debug_aranges
                0x00000000000007b8       0x58 ./Middlewares/ST/STM32_SMBus_Stack/src/stm32_PMBUS_stack.o
 .debug_aranges
                0x0000000000000810       0xc0 ./Middlewares/ST/STM32_SMBus_Stack/src/stm32_SMBUS_stack.o
 .debug_aranges
                0x00000000000008d0       0x28 ./SMBus_PMBus_Stack/App/app_X-CUBE-SMBUS.o
 .debug_aranges
                0x00000000000008f8       0x38 ./SMBus_PMBus_Stack/Target/smbus.o

.debug_rnglists
                0x0000000000000000      0x6d1
 .debug_rnglists
                0x0000000000000000       0x2c ./Core/Src/main.o
 .debug_rnglists
                0x000000000000002c       0x20 ./Core/Src/stm32l4xx_hal_msp.o
 .debug_rnglists
                0x000000000000004c       0x4f ./Core/Src/stm32l4xx_it.o
 .debug_rnglists
                0x000000000000009b       0x1a ./Core/Src/system_stm32l4xx.o
 .debug_rnglists
                0x00000000000000b5       0x19 ./Core/Startup/startup_stm32l476rgtx.o
 .debug_rnglists
                0x00000000000000ce       0xdf ./Drivers/STM32L4xx_HAL_Driver/Src/stm32l4xx_hal.o
 .debug_rnglists
                0x00000000000001ad       0xce ./Drivers/STM32L4xx_HAL_Driver/Src/stm32l4xx_hal_cortex.o
 .debug_rnglists
                0x000000000000027b       0x3f ./Drivers/STM32L4xx_HAL_Driver/Src/stm32l4xx_hal_gpio.o
 .debug_rnglists
                0x00000000000002ba      0x109 ./Drivers/STM32L4xx_HAL_Driver/Src/stm32l4xx_hal_pwr_ex.o
 .debug_rnglists
                0x00000000000003c3       0x6d ./Drivers/STM32L4xx_HAL_Driver/Src/stm32l4xx_hal_rcc.o
 .debug_rnglists
                0x0000000000000430       0x95 ./Drivers/STM32L4xx_HAL_Driver/Src/stm32l4xx_hal_rcc_ex.o
 .debug_rnglists
                0x00000000000004c5       0xf4 ./Drivers/STM32L4xx_HAL_Driver/Src/stm32l4xx_hal_smbus.o
 .debug_rnglists
                0x00000000000005b9       0x41 ./Middlewares/ST/STM32_SMBus_Stack/src/stm32_PMBUS_stack.o
 .debug_rnglists
                0x00000000000005fa       0x96 ./Middlewares/ST/STM32_SMBus_Stack/src/stm32_SMBUS_stack.o
 .debug_rnglists
                0x0000000000000690       0x1a ./SMBus_PMBus_Stack/App/app_X-CUBE-SMBUS.o
 .debug_rnglists
                0x00000000000006aa       0x27 ./SMBus_PMBus_Stack/Target/smbus.o

.debug_macro    0x0000000000000000    0x25c8f
 .debug_macro   0x0000000000000000      0x1cc ./Core/Src/main.o
 .debug_macro   0x00000000000001cc      0xaa8 ./Core/Src/main.o
 .debug_macro   0x0000000000000c74      0x1a1 ./Core/Src/main.o
 .debug_macro   0x0000000000000e15       0x2e ./Core/Src/main.o
 .debug_macro   0x0000000000000e43       0x28 ./Core/Src/main.o
 .debug_macro   0x0000000000000e6b       0x22 ./Core/Src/main.o
 .debug_macro   0x0000000000000e8d       0x8e ./Core/Src/main.o
 .debug_macro   0x0000000000000f1b       0x51 ./Core/Src/main.o
 .debug_macro   0x0000000000000f6c      0x103 ./Core/Src/main.o
 .debug_macro   0x000000000000106f       0x6a ./Core/Src/main.o
 .debug_macro   0x00000000000010d9      0x1df ./Core/Src/main.o
 .debug_macro   0x00000000000012b8       0x1c ./Core/Src/main.o
 .debug_macro   0x00000000000012d4       0x22 ./Core/Src/main.o
 .debug_macro   0x00000000000012f6       0xfb ./Core/Src/main.o
 .debug_macro   0x00000000000013f1     0x1011 ./Core/Src/main.o
 .debug_macro   0x0000000000002402      0x11f ./Core/Src/main.o
 .debug_macro   0x0000000000002521    0x1a17a ./Core/Src/main.o
 .debug_macro   0x000000000001c69b       0x6d ./Core/Src/main.o
 .debug_macro   0x000000000001c708     0x38e6 ./Core/Src/main.o
 .debug_macro   0x000000000001ffee      0x174 ./Core/Src/main.o
 .debug_macro   0x0000000000020162       0x5c ./Core/Src/main.o
 .debug_macro   0x00000000000201be     0x159e ./Core/Src/main.o
 .debug_macro   0x000000000002175c      0x5a5 ./Core/Src/main.o
 .debug_macro   0x0000000000021d01      0x1b9 ./Core/Src/main.o
 .debug_macro   0x0000000000021eba      0x18b ./Core/Src/main.o
 .debug_macro   0x0000000000022045      0x26b ./Core/Src/main.o
 .debug_macro   0x00000000000222b0      0x23d ./Core/Src/main.o
 .debug_macro   0x00000000000224ed      0x241 ./Core/Src/main.o
 .debug_macro   0x000000000002272e      0x37c ./Core/Src/main.o
 .debug_macro   0x0000000000022aaa       0xd6 ./Core/Src/main.o
 .debug_macro   0x0000000000022b80      0x122 ./Core/Src/main.o
 .debug_macro   0x0000000000022ca2      0x3ef ./Core/Src/main.o
 .debug_macro   0x0000000000023091      0x35a ./Core/Src/main.o
 .debug_macro   0x00000000000233eb       0x46 ./Core/Src/main.o
 .debug_macro   0x0000000000023431      0x330 ./Core/Src/main.o
 .debug_macro   0x0000000000023761       0x28 ./Core/Src/main.o
 .debug_macro   0x0000000000023789      0x1ef ./Core/Src/main.o
 .debug_macro   0x0000000000023978      0x1bf ./Core/Src/stm32l4xx_hal_msp.o
 .debug_macro   0x0000000000023b37      0x1c9 ./Core/Src/stm32l4xx_it.o
 .debug_macro   0x0000000000023d00      0x1ac ./Core/Src/system_stm32l4xx.o
 .debug_macro   0x0000000000023eac      0x1fa ./Drivers/STM32L4xx_HAL_Driver/Src/stm32l4xx_hal.o
 .debug_macro   0x00000000000240a6      0x1ac ./Drivers/STM32L4xx_HAL_Driver/Src/stm32l4xx_hal_cortex.o
 .debug_macro   0x0000000000024252      0x1b3 ./Drivers/STM32L4xx_HAL_Driver/Src/stm32l4xx_hal_gpio.o
 .debug_macro   0x0000000000024405      0x1d0 ./Drivers/STM32L4xx_HAL_Driver/Src/stm32l4xx_hal_pwr_ex.o
 .debug_macro   0x00000000000245d5      0x1ee ./Drivers/STM32L4xx_HAL_Driver/Src/stm32l4xx_hal_rcc.o
 .debug_macro   0x00000000000247c3      0x1e2 ./Drivers/STM32L4xx_HAL_Driver/Src/stm32l4xx_hal_rcc_ex.o
 .debug_macro   0x00000000000249a5      0x1f3 ./Drivers/STM32L4xx_HAL_Driver/Src/stm32l4xx_hal_smbus.o
 .debug_macro   0x0000000000024b98      0x1e8 ./Middlewares/ST/STM32_SMBus_Stack/src/stm32_PMBUS_stack.o
 .debug_macro   0x0000000000024d80      0x1e9 ./Middlewares/ST/STM32_SMBus_Stack/src/stm32_PMBUS_stack.o
 .debug_macro   0x0000000000024f69      0x773 ./Middlewares/ST/STM32_SMBus_Stack/src/stm32_PMBUS_stack.o
 .debug_macro   0x00000000000256dc      0x1e7 ./Middlewares/ST/STM32_SMBus_Stack/src/stm32_SMBUS_stack.o
 .debug_macro   0x00000000000258c3      0x1e5 ./SMBus_PMBus_Stack/App/app_X-CUBE-SMBUS.o
 .debug_macro   0x0000000000025aa8      0x1e7 ./SMBus_PMBus_Stack/Target/smbus.o

.debug_line     0x0000000000000000     0xba8d
 .debug_line    0x0000000000000000      0x897 ./Core/Src/main.o
 .debug_line    0x0000000000000897      0x7b5 ./Core/Src/stm32l4xx_hal_msp.o
 .debug_line    0x000000000000104c      0x83f ./Core/Src/stm32l4xx_it.o
 .debug_line    0x000000000000188b      0x7b0 ./Core/Src/system_stm32l4xx.o
 .debug_line    0x000000000000203b       0x7a ./Core/Startup/startup_stm32l476rgtx.o
 .debug_line    0x00000000000020b5      0xb08 ./Drivers/STM32L4xx_HAL_Driver/Src/stm32l4xx_hal.o
 .debug_line    0x0000000000002bbd      0xcaf ./Drivers/STM32L4xx_HAL_Driver/Src/stm32l4xx_hal_cortex.o
 .debug_line    0x000000000000386c      0xb7c ./Drivers/STM32L4xx_HAL_Driver/Src/stm32l4xx_hal_gpio.o
 .debug_line    0x00000000000043e8      0xd00 ./Drivers/STM32L4xx_HAL_Driver/Src/stm32l4xx_hal_pwr_ex.o
 .debug_line    0x00000000000050e8      0xf7f ./Drivers/STM32L4xx_HAL_Driver/Src/stm32l4xx_hal_rcc.o
 .debug_line    0x0000000000006067     0x14f9 ./Drivers/STM32L4xx_HAL_Driver/Src/stm32l4xx_hal_rcc_ex.o
 .debug_line    0x0000000000007560     0x17af ./Drivers/STM32L4xx_HAL_Driver/Src/stm32l4xx_hal_smbus.o
 .debug_line    0x0000000000008d0f      0xa22 ./Middlewares/ST/STM32_SMBus_Stack/src/stm32_PMBUS_stack.o
 .debug_line    0x0000000000009731     0x1253 ./Middlewares/ST/STM32_SMBus_Stack/src/stm32_SMBUS_stack.o
 .debug_line    0x000000000000a984      0x833 ./SMBus_PMBus_Stack/App/app_X-CUBE-SMBUS.o
 .debug_line    0x000000000000b1b7      0x8d6 ./SMBus_PMBus_Stack/Target/smbus.o

.debug_str      0x0000000000000000    0xe4d52
 .debug_str     0x0000000000000000    0xdf986 ./Core/Src/main.o
                                      0xdfc87 (size before relaxing)
 .debug_str     0x00000000000df986      0x7dd ./Core/Src/stm32l4xx_hal_msp.o
                                      0xdf63b (size before relaxing)
 .debug_str     0x00000000000e0163      0x11f ./Core/Src/stm32l4xx_it.o
                                      0xded0e (size before relaxing)
 .debug_str     0x00000000000e0282       0xf2 ./Core/Src/system_stm32l4xx.o
                                      0xdec37 (size before relaxing)
 .debug_str     0x00000000000e0374       0x34 ./Core/Startup/startup_stm32l476rgtx.o
                                         0x86 (size before relaxing)
 .debug_str     0x00000000000e03a8      0x64a ./Drivers/STM32L4xx_HAL_Driver/Src/stm32l4xx_hal.o
                                      0xdf7ca (size before relaxing)
 .debug_str     0x00000000000e09f2      0x329 ./Drivers/STM32L4xx_HAL_Driver/Src/stm32l4xx_hal_cortex.o
                                      0xdf47e (size before relaxing)
 .debug_str     0x00000000000e0d1b      0x164 ./Drivers/STM32L4xx_HAL_Driver/Src/stm32l4xx_hal_gpio.o
                                      0xdedb0 (size before relaxing)
 .debug_str     0x00000000000e0e7f      0x4e3 ./Drivers/STM32L4xx_HAL_Driver/Src/stm32l4xx_hal_pwr_ex.o
                                      0xdf192 (size before relaxing)
 .debug_str     0x00000000000e1362      0x3ac ./Drivers/STM32L4xx_HAL_Driver/Src/stm32l4xx_hal_rcc.o
                                      0xdf27d (size before relaxing)
 .debug_str     0x00000000000e170e      0x3bf ./Drivers/STM32L4xx_HAL_Driver/Src/stm32l4xx_hal_rcc_ex.o
                                      0xdf3f6 (size before relaxing)
 .debug_str     0x00000000000e1acd      0x480 ./Drivers/STM32L4xx_HAL_Driver/Src/stm32l4xx_hal_smbus.o
                                      0xdf189 (size before relaxing)
 .debug_str     0x00000000000e1f4d     0x2b59 ./Middlewares/ST/STM32_SMBus_Stack/src/stm32_PMBUS_stack.o
                                      0xe2490 (size before relaxing)
 .debug_str     0x00000000000e4aa6      0x205 ./Middlewares/ST/STM32_SMBus_Stack/src/stm32_SMBUS_stack.o
                                      0xe26c5 (size before relaxing)
 .debug_str     0x00000000000e4cab       0x65 ./SMBus_PMBus_Stack/App/app_X-CUBE-SMBUS.o
                                      0xe2313 (size before relaxing)
 .debug_str     0x00000000000e4d10       0x42 ./SMBus_PMBus_Stack/Target/smbus.o
                                      0xe239f (size before relaxing)

.debug_frame    0x0000000000000000     0x2324
 .debug_frame   0x0000000000000000       0xac ./Core/Src/main.o
 .debug_frame   0x00000000000000ac       0x84 ./Core/Src/stm32l4xx_hal_msp.o
 .debug_frame   0x0000000000000130      0x13c ./Core/Src/stm32l4xx_it.o
 .debug_frame   0x000000000000026c       0x58 ./Core/Src/system_stm32l4xx.o
 .debug_frame   0x00000000000002c4      0x498 ./Drivers/STM32L4xx_HAL_Driver/Src/stm32l4xx_hal.o
 .debug_frame   0x000000000000075c      0x498 ./Drivers/STM32L4xx_HAL_Driver/Src/stm32l4xx_hal_cortex.o
 .debug_frame   0x0000000000000bf4      0x14c ./Drivers/STM32L4xx_HAL_Driver/Src/stm32l4xx_hal_gpio.o
 .debug_frame   0x0000000000000d40      0x584 ./Drivers/STM32L4xx_HAL_Driver/Src/stm32l4xx_hal_pwr_ex.o
 .debug_frame   0x00000000000012c4      0x21c ./Drivers/STM32L4xx_HAL_Driver/Src/stm32l4xx_hal_rcc.o
 .debug_frame   0x00000000000014e0      0x2fc ./Drivers/STM32L4xx_HAL_Driver/Src/stm32l4xx_hal_rcc_ex.o
 .debug_frame   0x00000000000017dc      0x584 ./Drivers/STM32L4xx_HAL_Driver/Src/stm32l4xx_hal_smbus.o
 .debug_frame   0x0000000000001d60      0x144 ./Middlewares/ST/STM32_SMBus_Stack/src/stm32_PMBUS_stack.o
 .debug_frame   0x0000000000001ea4      0x348 ./Middlewares/ST/STM32_SMBus_Stack/src/stm32_SMBUS_stack.o
 .debug_frame   0x00000000000021ec       0x50 ./SMBus_PMBus_Stack/App/app_X-CUBE-SMBUS.o
 .debug_frame   0x000000000000223c       0x9c ./SMBus_PMBus_Stack/Target/smbus.o
 .debug_frame   0x00000000000022d8       0x20 C:/ST/STM32CubeIDE_1.13.1/STM32CubeIDE/plugins/com.st.stm32cube.ide.mcu.externaltools.gnu-tools-for-stm32.11.3.rel1.win32_1.1.0.202305231506/tools/bin/../lib/gcc/arm-none-eabi/11.3.1/../../../../arm-none-eabi/lib/thumb/v7e-m+fp/hard\libc_nano.a(libc_a-memset.o)
 .debug_frame   0x00000000000022f8       0x2c C:/ST/STM32CubeIDE_1.13.1/STM32CubeIDE/plugins/com.st.stm32cube.ide.mcu.externaltools.gnu-tools-for-stm32.11.3.rel1.win32_1.1.0.202305231506/tools/bin/../lib/gcc/arm-none-eabi/11.3.1/../../../../arm-none-eabi/lib/thumb/v7e-m+fp/hard\libc_nano.a(libc_a-init.o)

.debug_line_str
                0x0000000000000000       0x7a
 .debug_line_str
                0x0000000000000000       0x7a ./Core/Startup/startup_stm32l476rgtx.o
                                         0x92 (size before relaxing)
