../Middlewares/ST/STM32_SMBus_Stack/src/stm32_SMBUS_stack.c:109:27:STACK_SMBUS_ResolveContext	24	static
../Middlewares/ST/STM32_SMBus_Stack/src/stm32_SMBUS_stack.c:143:6:HAL_SMBUS_MasterTxCpltCallback	32	static
../Middlewares/ST/STM32_SMBus_Stack/src/stm32_SMBUS_stack.c:229:6:HAL_SMBUS_MasterRxCpltCallback	32	static
../Middlewares/ST/STM32_SMBus_Stack/src/stm32_SMBUS_stack.c:335:6:HAL_SMBUS_SlaveTxCpltCallback	24	static
../Middlewares/ST/STM32_SMBus_Stack/src/stm32_SMBUS_stack.c:368:6:HAL_SMBUS_SlaveRxCpltCallback	32	static
../Middlewares/ST/STM32_SMBus_Stack/src/stm32_SMBUS_stack.c:652:6:HAL_SMBUS_AddrCallback	32	static
../Middlewares/ST/STM32_SMBus_Stack/src/stm32_SMBUS_stack.c:947:6:HAL_SMBUS_ListenCpltCallback	24	static
../Middlewares/ST/STM32_SMBus_Stack/src/stm32_SMBUS_stack.c:1022:6:STACK_SMBUS_SendAlert	16	static
../Middlewares/ST/STM32_SMBus_Stack/src/stm32_SMBUS_stack.c:1039:6:HAL_SMBUS_ErrorCallback	24	static
../Middlewares/ST/STM32_SMBus_Stack/src/stm32_SMBUS_stack.c:1189:20:STACK_SMBUS_AddrAccpt	24	static
../Middlewares/ST/STM32_SMBus_Stack/src/stm32_SMBUS_stack.c:1242:26:STACK_SMBUS_ExecuteCommandARP	24	static
../Middlewares/ST/STM32_SMBus_Stack/src/stm32_SMBUS_stack.c:1385:13:STACK_SMBUS_LocateCommand	32	static
../Middlewares/ST/STM32_SMBus_Stack/src/stm32_SMBUS_stack.c:1462:13:STACK_SMBUS_AlertClbk	16	static
../Middlewares/ST/STM32_SMBus_Stack/src/stm32_SMBUS_stack.c:1476:6:STACK_SMBUS_ReadyIfNoAlert	16	static
../Middlewares/ST/STM32_SMBus_Stack/src/stm32_SMBUS_stack.c:1528:19:STACK_SMBUS_Init	24	static
../Middlewares/ST/STM32_SMBus_Stack/src/stm32_SMBUS_stack.c:1587:10:STACK_SMBUS_GetBuffer	24	static
../Middlewares/ST/STM32_SMBus_Stack/src/stm32_SMBUS_stack.c:1621:19:STACK_SMBUS_HostCommand	48	static
../Middlewares/ST/STM32_SMBus_Stack/src/stm32_SMBUS_stack.c:1766:19:STACK_SMBUS_NotifyHost	32	static
../Middlewares/ST/STM32_SMBus_Stack/src/stm32_SMBUS_stack.c:1829:19:STACK_SMBUS_HostRead	40	static
../Middlewares/ST/STM32_SMBus_Stack/src/stm32_SMBUS_stack.c:1889:26:STACK_SMBUS_ExecuteCommand	16	static
../Middlewares/ST/STM32_SMBus_Stack/src/stm32_SMBUS_stack.c:1908:26:STACK_SMBUS_ExtendCommand	16	static
